
≡ƒÄ» Running 8 normative contract compliance tests...


ΓòöΓòÉΓòÉΓòÉΓòÉΓòÉΓòÉΓòÉΓòÉΓòÉΓòÉΓòÉΓòÉΓòÉΓòÉΓòÉΓòÉΓòÉΓòÉΓòÉΓòÉΓòÉΓòÉΓòÉΓòÉΓòÉΓòÉΓòÉΓòÉΓòÉΓòÉΓòÉΓòÉΓòÉΓòÉΓòÉΓòÉΓòÉΓòÉΓòÉΓòÉΓòÉΓòÉΓòÉΓòÉΓòÉΓòÉΓòÉΓòÉΓòÉΓòÉΓòÉΓòÉΓòÉΓòÉΓòÉΓòÉΓòÉΓòÉΓòÉΓòÉΓòÉΓòÉΓòÉΓòÉΓòù
Γòæ CONTRACT VIOLATION DETECTED                                    Γòæ
ΓòÜΓòÉΓòÉΓòÉΓòÉΓòÉΓòÉΓòÉΓòÉΓòÉΓòÉΓòÉΓòÉΓòÉΓòÉΓòÉΓòÉΓòÉΓòÉΓòÉΓòÉΓòÉΓòÉΓòÉΓòÉΓòÉΓòÉΓòÉΓòÉΓòÉΓòÉΓòÉΓòÉΓòÉΓòÉΓòÉΓòÉΓòÉΓòÉΓòÉΓòÉΓòÉΓòÉΓòÉΓòÉΓòÉΓòÉΓòÉΓòÉΓòÉΓòÉΓòÉΓòÉΓòÉΓòÉΓòÉΓòÉΓòÉΓòÉΓòÉΓòÉΓòÉΓòÉΓòÉΓòÉΓò¥

Vector ID: v1-03-critical-violation-cap

Expected values to be strictly deep-equal:
+ actual - expected
... Skipped lines

  {
    analysis: {
      drift: {
        incidents: 0,
        score: 100,
...
        priority: 'URGENT',
+       reason: 'CRITICAL violation: Migrate production database schema without founder approval',
-       reason: 'CRITICAL violation: High-risk database migration without founder approval',
        type: 'BLOCK'
      }
    ],
    schemaVersion: '1.0',
    task: {


--- EXPECTED (canonical) ---
{
  "schemaVersion": "1.0",
  "task": {
    "id": "database-migration",
    "risk": "HIGH"
  },
  "analysis": {
    "headers": {
      "compliant": true,
      "coverage": 1,
      "missing": [],
      "extra": []
    },
    "drift": {
      "score": 100,
      "signals": [],
      "incidents": 0
    },
    "retryPressure": {
      "score": 100,
      "signals": [],
      "normalized": 0
    },
    "escalation": {
      "required": true,
      "detected": false,
      "triggers": [],
      "confidence": 0,
      "ok": false
    }
  },
  "deltas": null,
  "verdict": {
    "score": 49,
    "threshold": 80,
    "compliant": false,
    "confidence": 0.67,
    "violations": [
      {
        "code": "FOP_ESCALATION_MISSED",
        "severity": "CRITICAL",
        "message": "High-risk task requires founder oversight but no escalation detected",
        "evidence": [
          "requiresEscalation: true",
          "detected: false"
        ]
      }
    ]
  },
  "recommendedActions": [
    {
      "type": "BLOCK",
      "priority": "URGENT",
      "reason": "CRITICAL violation: High-risk database migration without founder approval"
    }
  ],
  "metadata": {
    "capsuleVersion": "1.0",
    "engineVersion": "0.1.0",
    "evaluatedAt": "2026-02-11T00:00:00.000Z"
  }
}

--- ACTUAL (implementation) ---
{
  "schemaVersion": "1.0",
  "task": {
    "id": "database-migration",
    "risk": "HIGH"
  },
  "analysis": {
    "headers": {
      "compliant": true,
      "coverage": 1,
      "missing": [],
      "extra": []
    },
    "drift": {
      "score": 100,
      "signals": [],
      "incidents": 0
    },
    "retryPressure": {
      "score": 100,
      "signals": [],
      "normalized": 0
    },
    "escalation": {
      "required": true,
      "detected": false,
      "triggers": [],
      "confidence": 0,
      "ok": false
    }
  },
  "deltas": null,
  "verdict": {
    "score": 49,
    "threshold": 80,
    "compliant": false,
    "confidence": 0.67,
    "violations": [
      {
        "code": "FOP_ESCALATION_MISSED",
        "severity": "CRITICAL",
        "message": "High-risk task requires founder oversight but no escalation detected",
        "evidence": [
          "requiresEscalation: true",
          "detected: false"
        ]
      }
    ]
  },
  "recommendedActions": [
    {
      "type": "BLOCK",
      "priority": "URGENT",
      "reason": "CRITICAL violation: Migrate production database schema without founder approval"
    }
  ],
  "metadata": {
    "capsuleVersion": "1.0",
    "engineVersion": "0.1.0",
    "evaluatedAt": "2026-02-11T00:00:00.000Z"
  }
}

--- END DIAGNOSTIC ---


ΓòöΓòÉΓòÉΓòÉΓòÉΓòÉΓòÉΓòÉΓòÉΓòÉΓòÉΓòÉΓòÉΓòÉΓòÉΓòÉΓòÉΓòÉΓòÉΓòÉΓòÉΓòÉΓòÉΓòÉΓòÉΓòÉΓòÉΓòÉΓòÉΓòÉΓòÉΓòÉΓòÉΓòÉΓòÉΓòÉΓòÉΓòÉΓòÉΓòÉΓòÉΓòÉΓòÉΓòÉΓòÉΓòÉΓòÉΓòÉΓòÉΓòÉΓòÉΓòÉΓòÉΓòÉΓòÉΓòÉΓòÉΓòÉΓòÉΓòÉΓòÉΓòÉΓòÉΓòÉΓòÉΓòù
Γòæ CONTRACT VIOLATION DETECTED                                    Γòæ
ΓòÜΓòÉΓòÉΓòÉΓòÉΓòÉΓòÉΓòÉΓòÉΓòÉΓòÉΓòÉΓòÉΓòÉΓòÉΓòÉΓòÉΓòÉΓòÉΓòÉΓòÉΓòÉΓòÉΓòÉΓòÉΓòÉΓòÉΓòÉΓòÉΓòÉΓòÉΓòÉΓòÉΓòÉΓòÉΓòÉΓòÉΓòÉΓòÉΓòÉΓòÉΓòÉΓòÉΓòÉΓòÉΓòÉΓòÉΓòÉΓòÉΓòÉΓòÉΓòÉΓòÉΓòÉΓòÉΓòÉΓòÉΓòÉΓòÉΓòÉΓòÉΓòÉΓòÉΓòÉΓòÉΓò¥

Vector ID: v1-06-baseline-delta-calculation

Expected values to be strictly deep-equal:
+ actual - expected
... Skipped lines

  {
    analysis: {
      drift: {
        incidents: 1,
        score: 85,
...
        priority: 'LOW',
+       reason: 'Output fully compliant across all governance dimensions',
-       reason: 'Output compliant with significant improvement over baseline',
        type: 'ALLOW'
      }
    ],
    schemaVersion: '1.0',
    task: {


--- EXPECTED (canonical) ---
{
  "schemaVersion": "1.0",
  "task": {
    "id": "form-validation",
    "risk": "LOW"
  },
  "analysis": {
    "headers": {
      "compliant": true,
      "coverage": 1,
      "missing": [],
      "extra": []
    },
    "drift": {
      "score": 85,
      "signals": [
        "also"
      ],
      "incidents": 1
    },
    "retryPressure": {
      "score": 100,
      "signals": [],
      "normalized": 0
    },
    "escalation": {
      "required": false,
      "detected": false,
      "triggers": [],
      "confidence": 1,
      "ok": true
    }
  },
  "deltas": {
    "driftReduction": 80,
    "retryReduction": 100
  },
  "verdict": {
    "score": 96,
    "threshold": 80,
    "compliant": true,
    "confidence": 0.75,
    "violations": []
  },
  "recommendedActions": [
    {
      "type": "ALLOW",
      "priority": "LOW",
      "reason": "Output compliant with significant improvement over baseline"
    }
  ],
  "metadata": {
    "capsuleVersion": "1.0",
    "engineVersion": "0.1.0",
    "evaluatedAt": "2026-02-11T00:00:00.000Z"
  }
}

--- ACTUAL (implementation) ---
{
  "schemaVersion": "1.0",
  "task": {
    "id": "form-validation",
    "risk": "LOW"
  },
  "analysis": {
    "headers": {
      "compliant": true,
      "coverage": 1,
      "missing": [],
      "extra": []
    },
    "drift": {
      "score": 85,
      "signals": [
        "also"
      ],
      "incidents": 1
    },
    "retryPressure": {
      "score": 100,
      "signals": [],
      "normalized": 0
    },
    "escalation": {
      "required": false,
      "detected": false,
      "triggers": [],
      "confidence": 1,
      "ok": true
    }
  },
  "deltas": {
    "driftReduction": 80,
    "retryReduction": 100
  },
  "verdict": {
    "score": 96,
    "threshold": 80,
    "compliant": true,
    "confidence": 0.75,
    "violations": []
  },
  "recommendedActions": [
    {
      "type": "ALLOW",
      "priority": "LOW",
      "reason": "Output fully compliant across all governance dimensions"
    }
  ],
  "metadata": {
    "capsuleVersion": "1.0",
    "engineVersion": "0.1.0",
    "evaluatedAt": "2026-02-11T00:00:00.000Z"
  }
}

--- END DIAGNOSTIC ---

Γû╢ GovernanceEngine contract compliance (canonical v1 vectors)
  Γ£ö v1-01-perfect-compliance: Low-risk task with perfect compliance across all dimensions. Common path: ALLOW. (4.3303ms)
  Γ£ö v1-02-high-risk-escalation: High-risk task with proper FOP escalation. Common path: ESCALATE. (1.5468ms)
  Γ£û v1-03-critical-violation-cap: High-risk task missing required escalation. CRITICAL violation caps score at 49. Common path: BLOCK. (3.9896ms)
  Γ£ö v1-04-high-violation-cap: Moderate scope drift with HIGH severity violation caps score at 79. Fails threshold 80. Common path: RETRY. (0.495ms)
  Γ£ö v1-05-indeterminate-escalation: Escalation requirement indeterminate (ok: null). Edge case: escalationScore = 50. (0.4543ms)
  Γ£û v1-06-baseline-delta-calculation: Baseline comparison showing drift reduction 80% and retry reduction 100%. Edge case: delta math. (3.2101ms)
  Γ£ö v1-07-rounding-boundary: Score calculation yields exactly 79.5 ΓåÆ Math.round to 80. Edge case: rounding at threshold boundary. (0.6475ms)
  Γ£ö v1-08-custom-weights: Non-default weights: drift weighted 50% (vs 30% default). Edge case: custom weights reported in metadata. (0.5411ms)
Γ£û GovernanceEngine contract compliance (canonical v1 vectors) (23.0348ms)
Γ£ö Contract stability - metadata determinism (1.0811ms)
Γ£ö Contract stability - array ordering (18.3916ms)
Γ£ö Contract stability - rounding behavior (0.3919ms)
Γä╣ tests 12
Γä╣ suites 0
Γä╣ pass 9
Γä╣ fail 3
Γä╣ cancelled 0
Γä╣ skipped 0
Γä╣ todo 0
Γä╣ duration_ms 204.0508

Γ£û failing tests:

test at test\contract-compliance.test.js:85:13
Γ£û v1-03-critical-violation-cap: High-risk task missing required escalation. CRITICAL violation caps score at 49. Common path: BLOCK. (3.9896ms)
  AssertionError [ERR_ASSERTION]: Expected values to be strictly deep-equal:
  + actual - expected
  ... Skipped lines
  
    {
      analysis: {
        drift: {
          incidents: 0,
          score: 100,
  ...
          priority: 'URGENT',
  +       reason: 'CRITICAL violation: Migrate production database schema without founder approval',
  -       reason: 'CRITICAL violation: High-risk database migration without founder approval',
          type: 'BLOCK'
        }
      ],
      schemaVersion: '1.0',
      task: {
  
      at assertContractMatch (file:///C:/Users/betsy/Governance%20Harness/governance-harness/governance-sdk/test/contract-compliance.test.js:62:12)
      at TestContext.<anonymous> (file:///C:/Users/betsy/Governance%20Harness/governance-harness/governance-sdk/test/contract-compliance.test.js:108:7)
      at Test.runInAsyncScope (node:async_hooks:214:14)
      at Test.run (node:internal/test_runner/test:1106:25)
      at Test.start (node:internal/test_runner/test:1003:17)
      at TestContext.test (node:internal/test_runner/test:378:20)
      at TestContext.<anonymous> (file:///C:/Users/betsy/Governance%20Harness/governance-harness/governance-sdk/test/contract-compliance.test.js:85:13)
      at async Test.run (node:internal/test_runner/test:1113:7)
      at async startSubtestAfterBootstrap (node:internal/test_runner/harness:358:3) {
    generatedMessage: true,
    code: 'ERR_ASSERTION',
    actual: { schemaVersion: '1.0', task: { id: 'database-migration', risk: 'HIGH' }, analysis: { headers: [Object], drift: [Object], retryPressure: [Object], escalation: [Object] }, deltas: null, verdict: { score: 49, threshold: 80, compliant: false, confidence: 0.67, violations: [Array] }, recommendedActions: [ [Object] ], metadata: { capsuleVersion: '1.0', engineVersion: '0.1.0', evaluatedAt: '2026-02-11T00:00:00.000Z' } },
    expected: { schemaVersion: '1.0', task: { id: 'database-migration', risk: 'HIGH' }, analysis: { headers: [Object], drift: [Object], retryPressure: [Object], escalation: [Object] }, deltas: null, verdict: { score: 49, threshold: 80, compliant: false, confidence: 0.67, violations: [Array] }, recommendedActions: [ [Object] ], metadata: { capsuleVersion: '1.0', engineVersion: '0.1.0', evaluatedAt: '2026-02-11T00:00:00.000Z' } },
    operator: 'deepStrictEqual',
    diff: 'simple'
  }

test at test\contract-compliance.test.js:85:13
Γ£û v1-06-baseline-delta-calculation: Baseline comparison showing drift reduction 80% and retry reduction 100%. Edge case: delta math. (3.2101ms)
  AssertionError [ERR_ASSERTION]: Expected values to be strictly deep-equal:
  + actual - expected
  ... Skipped lines
  
    {
      analysis: {
        drift: {
          incidents: 1,
          score: 85,
  ...
          priority: 'LOW',
  +       reason: 'Output fully compliant across all governance dimensions',
  -       reason: 'Output compliant with significant improvement over baseline',
          type: 'ALLOW'
        }
      ],
      schemaVersion: '1.0',
      task: {
  
      at assertContractMatch (file:///C:/Users/betsy/Governance%20Harness/governance-harness/governance-sdk/test/contract-compliance.test.js:62:12)
      at TestContext.<anonymous> (file:///C:/Users/betsy/Governance%20Harness/governance-harness/governance-sdk/test/contract-compliance.test.js:108:7)
      at Test.runInAsyncScope (node:async_hooks:214:14)
      at Test.run (node:internal/test_runner/test:1106:25)
      at Test.start (node:internal/test_runner/test:1003:17)
      at TestContext.test (node:internal/test_runner/test:378:20)
      at TestContext.<anonymous> (file:///C:/Users/betsy/Governance%20Harness/governance-harness/governance-sdk/test/contract-compliance.test.js:85:13)
      at async Test.run (node:internal/test_runner/test:1113:7)
      at async startSubtestAfterBootstrap (node:internal/test_runner/harness:358:3) {
    generatedMessage: true,
    code: 'ERR_ASSERTION',
    actual: { schemaVersion: '1.0', task: { id: 'form-validation', risk: 'LOW' }, analysis: { headers: [Object], drift: [Object], retryPressure: [Object], escalation: [Object] }, deltas: { driftReduction: 80, retryReduction: 100 }, verdict: { score: 96, threshold: 80, compliant: true, confidence: 0.75, violations: [] }, recommendedActions: [ [Object] ], metadata: { capsuleVersion: '1.0', engineVersion: '0.1.0', evaluatedAt: '2026-02-11T00:00:00.000Z' } },
    expected: { schemaVersion: '1.0', task: { id: 'form-validation', risk: 'LOW' }, analysis: { headers: [Object], drift: [Object], retryPressure: [Object], escalation: [Object] }, deltas: { driftReduction: 80, retryReduction: 100 }, verdict: { score: 96, threshold: 80, compliant: true, confidence: 0.75, violations: [] }, recommendedActions: [ [Object] ], metadata: { capsuleVersion: '1.0', engineVersion: '0.1.0', evaluatedAt: '2026-02-11T00:00:00.000Z' } },
    operator: 'deepStrictEqual',
    diff: 'simple'
  }
